// Vitest Snapshot v1, https://vitest.dev/guide/snapshot.html

exports[`Button component > renders the button 1`] = `
<div>
  <button
    class="rounded-lg border-2 border-solid border-orange-100 bg-red-950 p-2 text-orange-100 hover:bg-red-900 hover:text-orange-200 focus:outline-none focus:ring-2 focus:ring-red-900/50"
    rest="[object Object]"
    type="button"
  />
</div>
`;
