// Vitest Snapshot v1, https://vitest.dev/guide/snapshot.html

exports[`Expanded > should render the component 1`] = `
<tbody>
  <tr>
    <td
      colspan="1"
    >
      <div>
        Monster
      </div>
    </td>
  </tr>
</tbody>
`;
