// Vitest Snapshot v1, https://vitest.dev/guide/snapshot.html

exports[`PaperScroll component > renders component 1`] = `
<div>
  <div
    class="relative flex-col bg-orange-100 bg-[size:150%] text-red-950"
  >
    <span
      class="absolute bottom-full left-0 h-5 w-full rotate-180 bg-paper bg-bottom"
    />
    <div>
      Test
    </div>
    <span
      class=" absolute left-0 top-full h-5 w-full bg-paper bg-bottom"
    />
  </div>
</div>
`;
