// Vitest Snapshot v1, https://vitest.dev/guide/snapshot.html

exports[`Party component > renders the party composition form 1`] = `
<div>
  <form
    class="my-5 flex flex-col flex-wrap justify-end gap-4 rounded-lg bg-stone-400 p-5 text-red-950 lg:flex-row lg:justify-between"
  >
    <div
      class="flex flex-1 flex-col"
    >
      <label
        aria-labelledby="numCharacters"
        class="flex flex-1 flex-col"
        for="numCharacters"
      >
        Number of characters
        <input
          class="form-input solid rounded  border-2 border-neutral-900 bg-orange-100 px-2 py-1 outline-none"
          id="numCharacters"
          name="numCharacters"
          type="number"
        />
      </label>
    </div>
    <div
      class="flex flex-1 flex-col"
    >
      <label
        aria-labelledby="level"
        class="flex flex-1 flex-col"
        for="level"
      >
        Level
        <input
          class="form-input solid rounded  border-2 border-neutral-900 bg-orange-100 px-2 py-1 outline-none"
          id="level"
          name="level"
          type="number"
        />
      </label>
    </div>
    <div
      class="flex flex-1 flex-col"
    >
      <label
        aria-labelledby="difficulty"
        class="flex flex-1 flex-col"
        for="difficulty"
      >
        Difficulty
        <select
          class="form-select solid rounded  border-2 border-neutral-900 bg-orange-100 px-2 py-1 outline-none"
          id="difficulty"
          name="difficulty"
        >
          <option>
            Select a difficulty
          </option>
          <option
            value="Easy"
          >
            Easy
          </option>
          <option
            value="Medium"
          >
            Medium
          </option>
          <option
            value="Hard"
          >
            Hard
          </option>
          <option
            value="Deadly"
          >
            Deadly
          </option>
        </select>
      </label>
    </div>
    <div
      class="flex flex-1 flex-col justify-end"
    >
      <button
        class="rounded-lg border-2 border-solid border-orange-100 bg-red-950 p-2 font-['Alegreya_Sans'] text-orange-100 hover:bg-red-900 hover:text-orange-200 focus:outline-none focus:ring-2 focus:ring-red-900/50"
        name="generate"
        rest="[object Object]"
        type="submit"
      >
        Generate
      </button>
    </div>
  </form>
</div>
`;
