// Jest Snapshot v1, https://goo.gl/fbAQLP

exports[`Encounter has correct header and content renders Encounter heading 1`] = `
<div>
  <div>
    <h2>
      Encounter
    </h2>
  </div>
</div>
`;
